1:1 char
1:6 id rchar
1:11 (
1:12 )
1:14 {
2:5 return
2:12 error:unclosed character literal
