( ((import K)(import J)(import L))
    (
        (add5 ((x int)) (int) ((return (+ x 5)))) 
    )
)