(
    ()
    (
        (main () (int) (
            (= (k int ) ( - (- 2) 2) )
            (= (j int ) (- (- 2) (- 2)))
            (= (l int ) (- (- 2) -9223372036854775808 ))
            (return 0)
        ))
    )
)