(
    ()
    (
        (addBubbles ((s1 ([] char) )) (([] char)) ( 
            (return (+ s1 "bub bl e's" )
        )   )
    )
))