1:1 character '\n'
2:1 character '\t'
3:1 character '\r'
4:1 character '\n'
5:1 character '\"'
6:1 character '''
7:1 character '@'