5:1 type
5:6 id T
5:8 =
5:10 {
6:5 const
6:11 id Node
6:16 id head
6:20 ;
7:1 }
13:1 type
13:6 id Node
13:11 =
13:13 {
14:5 const
14:11 id Node
14:16 id next
14:20 ;
15:5 const
15:11 int
15:15 id value
15:20 ;
16:1 }
18:1 id T
18:3 id empty
18:8 (
18:9 )
18:10 {
19:5 return
19:12 id T
19:13 (
19:14 id head
19:19 =
19:21 null
19:25 )
19:26 ;
20:1 }
23:1 int
23:5 id length
23:11 (
23:12 id T
23:14 id xs
23:16 )
23:17 {
24:5 int
24:9 id size
24:14 =
24:16 integer 0
24:17 ;
25:5 id Node
25:10 id curr
25:15 =
25:17 id xs
25:19 .
25:20 id head
25:24 ;
26:5 while
26:11 (
26:12 id curr
26:17 !=
26:20 null
26:24 )
26:25 {
27:9 id size
27:14 =
27:16 id size
27:21 +
27:23 integer 1
27:24 ;
28:9 id curr
28:14 =
28:16 id curr
28:20 .
28:21 id next
28:25 ;
29:5 }
30:5 return
30:12 id size
30:16 ;
31:1 }
34:1 id T
34:3 id cons
34:7 (
34:8 int
34:12 id x
34:13 ,
34:15 id T
34:17 id xs
34:19 )
34:20 {
35:5 return
35:12 id T
35:13 (
35:14 id head
35:19 =
35:21 id Node
35:25 (
35:26 id next
35:31 =
35:33 id xs
35:35 .
35:36 id head
35:40 ,
35:42 id value
35:48 =
35:50 id x
35:51 )
35:52 )
35:53 ;
36:1 }
40:1 (
40:2 bool
40:6 ,
40:8 int
40:11 )
40:13 id hd
40:15 (
40:16 id T
40:18 id xs
40:20 )
40:21 {
41:5 if
41:8 id xs
41:10 .
41:11 id head
41:16 ==
41:19 null
41:24 {
42:9 return
42:16 false
42:21 ,
42:23 integer 0
42:24 ;
43:5 }
44:5 return
44:12 true
44:16 ,
44:18 id xs
44:20 .
44:21 id head
44:25 .
44:26 id value
44:31 ;
45:1 }
49:1 (
49:2 bool
49:6 ,
49:8 id T
49:9 )
49:11 id tl
49:13 (
49:14 id T
49:16 id xs
49:18 )
49:19 {
50:5 if
50:8 id xs
50:10 .
50:11 id head
50:16 ==
50:19 null
50:24 {
51:9 return
51:16 false
51:21 ,
51:23 null
51:27 ;
52:5 }
53:5 return
53:12 true
53:16 ,
53:18 id xs
53:20 .
53:21 id head
53:25 .
53:26 id next
53:30 ;
54:1 }
58:1 (
58:2 bool
58:6 ,
58:8 int
58:11 )
58:13 id nth
58:16 (
58:17 id T
58:19 id xs
58:21 ,
58:23 int
58:27 id index
58:32 )
58:33 {
59:5 id Node
59:10 id curr
59:15 =
59:17 id xs
59:19 .
59:20 id head
59:24 ;
60:5 while
60:10 (
60:11 id curr
60:16 !=
60:19 null
60:24 &&
60:27 id index
60:33 >
60:35 integer 0
60:36 )
60:37 {
61:9 id curr
61:14 =
61:16 id curr
61:20 .
61:21 id next
61:25 ;
62:9 id index
62:15 =
62:17 id index
62:23 -
62:25 integer 1
62:26 ;
63:5 }
64:5 if
64:8 (
64:9 id curr
64:14 ==
64:17 null
64:22 ||
64:25 id index
64:31 <
64:33 integer 0
64:34 )
64:35 {
65:9 return
65:16 false
65:21 ,
65:23 integer 0
65:24 ;
66:5 }
67:5 return
67:12 true
67:16 ,
67:18 id curr
67:22 .
67:23 id value
67:28 ;
68:1 }
70:1 int
70:5 id compare_lengths
70:20 (
70:21 id T
70:23 id xs1
70:26 ,
70:28 id T
70:30 id xs2
70:33 )
70:34 {
71:5 int
71:9 id len1
71:14 =
71:16 id length
71:22 (
71:23 id xs1
71:26 )
71:27 ;
72:5 int
72:9 id len2
72:14 =
72:16 id length
72:22 (
72:23 id xs2
72:26 )
72:27 ;
73:5 if
73:8 (
73:9 id len1
73:14 ==
73:17 id len2
73:21 )
73:22 {
74:9 return
74:16 integer 0
74:17 ;
75:5 }
76:5 else
76:10 if
76:13 (
76:14 id len1
76:19 >
76:21 id len2
76:25 )
76:26 {
77:9 return
77:16 integer 1
77:17 ;
78:5 }
79:5 return
79:12 -
79:13 integer 1
79:14 ;
80:1 }
